// Jest Snapshot v1, https://goo.gl/fbAQLP

exports[`<Button /> checking snapshot 1`] = `
<DocumentFragment>
  <button
    aria-label="event button"
    class="sc-AxjAm kzTiRY"
    data-testid="btn"
    type="lg"
  >
    event
  </button>
</DocumentFragment>
`;
