// Jest Snapshot v1, https://goo.gl/fbAQLP

exports[`<Message /> checking snapshot 1`] = `<DocumentFragment />`;

exports[`<Text /> checking snapshot 1`] = `<DocumentFragment />`;
